\BOOKMARK [1][-]{section.1}{\376\377\000I\000n\000t\000r\000o\000d\000u\000c\000t\000i\000o\000n}{}% 1
\BOOKMARK [1][-]{section.2}{\376\377\000P\000r\000e\000l\000i\000m\000i\000n\000a\000r\000i\000e\000s}{}% 2
\BOOKMARK [1][-]{section.3}{\376\377\000R\000e\000l\000a\000t\000e\000d\000\040\000W\000o\000r\000k\000s}{}% 3
\BOOKMARK [1][-]{section.4}{\376\377\000B\000i\000d\000d\000i\000n\000g}{}% 4
\BOOKMARK [2][-]{subsection.4.1}{\376\377\000M\000L\000P\000\040\000B\000i\000d\000d\000i\000n\000g\000\040\000M\000o\000d\000e\000l}{section.4}% 5
\BOOKMARK [1][-]{section.5}{\376\377\000E\000x\000a\000c\000t\000\040\000S\000o\000l\000v\000e\000r}{}% 6
\BOOKMARK [1][-]{section.6}{\376\377\000P\000l\000a\000y\000i\000n\000g}{}% 7
\BOOKMARK [2][-]{subsection.6.1}{\376\377\000T\000h\000e\000\040\0001\000s\000t\000\040\000t\000o\000\040\0004\000t\000h\000\040\000T\000r\000i\000c\000k}{section.6}% 8
\BOOKMARK [2][-]{subsection.6.2}{\376\377\000T\000h\000e\000\040\0005\000t\000h\000\040\000t\000o\000\040\0001\0003\000t\000h\000\040\000T\000r\000i\000c\000k\000:\000\040\000R\000e\000a\000s\000o\000n\000i\000n\000g\000\040\000B\000y\000\040\000S\000a\000m\000p\000l\000i\000n\000g}{section.6}% 9
\BOOKMARK [1][-]{section.7}{\376\377\000E\000x\000p\000e\000r\000i\000m\000e\000n\000t\000s}{}% 10
\BOOKMARK [2][-]{subsection.7.1}{\376\377\000B\000a\000s\000e\000l\000i\000n\000e\000s}{section.7}% 11
\BOOKMARK [2][-]{subsection.7.2}{\376\377\000B\000i\000d\000d\000i\000n\000g\000\040\000D\000i\000s\000t\000r\000i\000b\000u\000t\000i\000o\000n\000\040\000S\000a\000n\000i\000t\000y\000\040\000C\000h\000e\000c\000k}{section.7}% 12
\BOOKMARK [2][-]{subsection.7.3}{\376\377\000P\000l\000a\000y\000\040\000O\000f\000\040\000H\000a\000n\000d\000\040\000R\000e\000s\000u\000l\000t\000s}{section.7}% 13
\BOOKMARK [2][-]{subsection.7.4}{\376\377\000O\000v\000e\000r\000a\000l\000l\000\040\000R\000e\000s\000u\000l\000t\000s\000\040\000W\000h\000e\000n\000\040\000C\000o\000m\000p\000e\000t\000i\000n\000g\000\040\000W\000i\000t\000h\000\040\000H\000u\000m\000a\000n}{section.7}% 14
\BOOKMARK [2][-]{subsection.7.5}{\376\377\000C\000o\000m\000p\000a\000r\000i\000s\000o\000n\000\040\000w\000i\000t\000h\000\040\000M\000C\000T\000S}{section.7}% 15
\BOOKMARK [2][-]{subsection.7.6}{\376\377\000E\000x\000a\000c\000t\000\040\000S\000o\000l\000v\000e\000r\000\040\000v\000s\000.\000\040\000T\000r\000a\000d\000i\000t\000i\000o\000n\000a\000l\000\040\000D\000D\000S}{section.7}% 16
\BOOKMARK [1][-]{section.8}{\376\377\000L\000i\000m\000i\000t\000a\000t\000i\000o\000n\000s}{}% 17
\BOOKMARK [1][-]{section.9}{\376\377\000C\000o\000n\000c\000l\000u\000s\000i\000o\000n}{}% 18
\BOOKMARK [1][-]{appendix.A}{\376\377\000D\000e\000t\000a\000i\000l\000e\000d\000\040\000R\000u\000l\000e\000s\000\040\000o\000f\000\040\000S\000p\000a\000d\000e\000s}{}% 19
\BOOKMARK [2][-]{subsection.A.1}{\376\377\000B\000a\000s\000i\000c\000\040\000G\000a\000m\000e\000p\000l\000a\000y}{appendix.A}% 20
\BOOKMARK [2][-]{subsection.A.2}{\376\377\000T\000h\000e\000\040\000B\000i\000d\000d\000i\000n\000g\000\040\000P\000h\000a\000s\000e}{appendix.A}% 21
\BOOKMARK [2][-]{subsection.A.3}{\376\377\000T\000h\000e\000\040\000P\000l\000a\000y\000i\000n\000g\000\040\000P\000h\000a\000s\000e}{appendix.A}% 22
\BOOKMARK [2][-]{subsection.A.4}{\376\377\000I\000m\000m\000e\000d\000i\000a\000t\000e\000\040\000"\000N\000o\000-\000B\000a\000g\000s\000"\000\040\000S\000c\000o\000r\000i\000n\000g\000\040\000S\000y\000s\000t\000e\000m}{appendix.A}% 23
\BOOKMARK [1][-]{appendix.B}{\376\377\000N\000e\000u\000r\000a\000l\000\040\000N\000e\000t\000w\000o\000r\000k\000\040\000A\000r\000c\000h\000i\000t\000e\000c\000t\000u\000r\000e\000s\000,\000\040\000H\000y\000p\000e\000r\000p\000a\000r\000a\000m\000e\000t\000e\000r\000s\000,\000\040\000a\000n\000d\000\040\000I\000n\000p\000u\000t\000\040\000F\000e\000a\000t\000u\000r\000e\000\040\000D\000e\000s\000i\000g\000n}{}% 24
\BOOKMARK [2][-]{subsection.B.1}{\376\377\0001\000.\000\040\000R\000e\000i\000n\000f\000o\000r\000c\000e\000m\000e\000n\000t\000\040\000L\000e\000a\000r\000n\000i\000n\000g\000\040\000P\000o\000l\000i\000c\000y\000\040\000N\000e\000t\000w\000o\000r\000k\000\040\000\050\000P\000o\000l\000i\000c\000y\000M\000L\000P\000\051}{appendix.B}% 25
\BOOKMARK [2][-]{subsection.B.2}{\376\377\0002\000.\000\040\000B\000i\000d\000d\000i\000n\000g\000\040\000N\000e\000t\000w\000o\000r\000k\000\040\000\050\000B\000i\000d\000M\000L\000P\000\051}{appendix.B}% 26
\BOOKMARK [2][-]{subsection.B.3}{\376\377\0003\000.\000\040\000D\000o\000u\000b\000l\000e\000\040\000D\000u\000m\000m\000y\000\040\000M\000C\000T\000S\000\040\000P\000r\000i\000o\000r\000\040\000\046\000\040\000V\000a\000l\000u\000e\000\040\000N\000e\000t\000w\000o\000r\000k\000\040\000\050\000D\000o\000u\000b\000l\000e\000D\000u\000m\000m\000y\000M\000L\000P\000\051}{appendix.B}% 27
\BOOKMARK [2][-]{subsection.B.4}{\376\377\0004\000.\000\040\000T\000r\000a\000n\000s\000f\000o\000r\000m\000e\000r\000-\000b\000a\000s\000e\000d\000\040\000P\000o\000l\000i\000c\000y\000\040\000\046\000\040\000V\000a\000l\000u\000e\000\040\000M\000o\000d\000e\000l\000\040\000\050\000G\000P\000T\0002\000P\000o\000l\000i\000c\000y\000V\000a\000l\000u\000e\000M\000o\000d\000e\000l\000\051}{appendix.B}% 28
\BOOKMARK [2][-]{subsection.B.5}{\376\377\0005\000.\000\040\000E\000x\000a\000c\000t\000\040\000D\000o\000u\000b\000l\000e\000\040\000D\000u\000m\000m\000y\000\040\000S\000o\000l\000v\000e\000r\000\040\000\050\000E\000n\000d\000g\000a\000m\000e\000\040\000P\000h\000a\000s\000e\000\051}{appendix.B}% 29
\BOOKMARK [1][-]{appendix.C}{\376\377\000G\000O\000-\000M\000C\000T\000S\000\040\000E\000x\000p\000l\000o\000r\000a\000t\000i\000o\000n\000\040\000B\000r\000a\000n\000c\000h}{}% 30
\BOOKMARK [1][-]{appendix.D}{\376\377\000G\000r\000a\000p\000h\000i\000c\000a\000l\000\040\000U\000s\000e\000r\000\040\000I\000n\000t\000e\000r\000f\000a\000c\000e\000\040\000\050\000G\000U\000I\000\051\000\040\000I\000m\000p\000l\000e\000m\000e\000n\000t\000a\000t\000i\000o\000n}{}% 31
\BOOKMARK [2][-]{subsection.D.1}{\376\377\000F\000r\000o\000n\000t\000e\000n\000d\000\040\000A\000r\000c\000h\000i\000t\000e\000c\000t\000u\000r\000e}{appendix.D}% 32
\BOOKMARK [2][-]{subsection.D.2}{\376\377\000B\000a\000c\000k\000e\000n\000d\000\040\000A\000I\000\040\000I\000n\000t\000e\000g\000r\000a\000t\000i\000o\000n}{appendix.D}% 33
